cheese grater
    - チーズおろし器◆固形チーズをおろして粉チーズにする台所用品。
