井の中の蛙
    - a big fish in a little ［small］ barrel
    - a big fish in a little ［small］ pond
    - a frog at the bottom of the well
    - person who does not know much of the world
    - person who is inexperienced in the ways of the world

井の中の蛙だ
    - be ignorant of the (real) world
